Inspection path planner version 1.0.0
Scenario:
Number of facets:	863
Number of obstacles:	0
Space center:		(0, 0, 0)
Space size:		(5, 5, 5)
Starting point:		(-2, 2, 2)
Final point:		(-2, 2, 2)
Angle of incidence:	0.785398rad
Range:			(0.55, 0.8)m
Number of iterations:	10
Linear speed:		1m/s
Yaw rate:		0.5rad/s
Field of view [h,v]:	[1.74533, 1.91986]rad
Camera pitch:		0rad


====================================
====== Starting Iteration   0 ======
====================================

====================================
====== Starting Iteration   1 ======
====================================

====================================
====== Starting Iteration   2 ======
====================================

====================================
====== Starting Iteration   3 ======
====================================

====================================
====== Starting Iteration   4 ======
====================================

====================================
====== Starting Iteration   5 ======
====================================

====================================
====== Starting Iteration   6 ======
====================================

====================================
====== Starting Iteration   7 ======
====================================

====================================
====== Starting Iteration   8 ======
====================================

====================================
====== Starting Iteration   9 ======
====================================
